// Jest Snapshot v1, https://goo.gl/fbAQLP

exports[`<Badge /> renders 1`] = `
<div>
  <span
    class="badge"
  >
    4
  </span>
</div>
`;
