// Jest Snapshot v1, https://goo.gl/fbAQLP

exports[`<CardTitle /> renders 1`] = `
<div>
  <div
    class="find card-image"
  >
    <img
      class=""
      src=""
    />
    <span
      class="card-title"
    >
      I am a very simple card
    </span>
  </div>
</div>
`;
