// Jest Snapshot v1, https://goo.gl/fbAQLP

exports[`<SideNav /> renders 1`] = `
<div>
  <button
    class="red show-on-large sidenav-trigger"
    data-target="SideNav-mockId"
  >
    Show sidenav
  </button>
  <ul
    class="sidenav"
    id="SideNav-mockId"
  />
</div>
`;
