// Jest Snapshot v1, https://goo.gl/fbAQLP

exports[`<TimePicker /> renders 1`] = `
<div>
  <div
    class="input-field col"
  >
    <input
      class="timepicker"
      id="TimePicker-mockId"
      type="text"
      value=""
    />
  </div>
</div>
`;
